[
  {
    "Href": "/test",
    "Title": "Title",
    "Id": "6cc43e9a-312b-4923-b890-e966b8168eee",
    "CreatedAt": "2024-01-01T00:00:00+00:00",
    "UpdatedAt": null,
    "Version": 1
  }
]
