{
  "Kind": "Other",
  "Href": null,
  "AssociatedCategoryTypes": [],
  "Title": "Title",
  "Id": "9fd91f8a-2a44-4520-a5b1-8aa1c3c29133",
  "CreatedAt": "2024-01-01T00:00:00+00:00",
  "UpdatedAt": null,
  "Version": 1
}
