{
  "Key": "Key",
  "Icon": "Icon",
  "Title": "Title",
  "Content": "Content",
  "Href": "/test",
  "Id": "ebf224a8-7ff3-47b9-882b-dd41ec7f5a05",
  "CreatedAt": "2024-01-01T00:00:00+00:00",
  "UpdatedAt": null,
  "Version": 1
}
