{
  "Description": "description",
  "Duration": "00:00:01",
  "Status": "Healthy",
  "Tags": [
    "tag"
  ]
}
