{
  "data": {
    "categories": {
      "totalCount": 1,
      "items": [
        {
          "createdAt": "2024-01-01T00:00:00.000Z",
          "id": "38e483e4-6961-4b25-88a9-d1d0a5161109",
          "title": "Title",
          "updatedAt": null,
          "version": 1,
          "portfolioCustomers": {
            "totalCount": 1,
            "items": [
              {
                "createdAt": "2024-01-01T00:00:00.000Z",
                "href": "/test",
                "id": "18e483e4-6961-4b25-88a9-d1d0a5161109",
                "title": "Title",
                "updatedAt": null,
                "version": 1
              }
            ]
          },
          "portfolioItems": {
            "totalCount": 1,
            "items": [
              {
                "categoryId": "38e483e4-6961-4b25-88a9-d1d0a5161109",
                "createdAt": "2024-01-01T00:00:00.000Z",
                "customerId": "18e483e4-6961-4b25-88a9-d1d0a5161109",
                "href": "/test",
                "id": "28e483e4-6961-4b25-88a9-d1d0a5161109",
                "technologyIds": [
                  "48e483e4-6961-4b25-88a9-d1d0a5161109"
                ],
                "technologiesSummary": "Title",
                "title": "Title",
                "updatedAt": null,
                "version": 1,
                "year": 2024
              }
            ]
          },
          "portfolioTechnologies": {
            "totalCount": 1,
            "items": [
              {
                "createdAt": "2024-01-01T00:00:00.000Z",
                "href": "/test",
                "id": "48e483e4-6961-4b25-88a9-d1d0a5161109",
                "title": "Title",
                "updatedAt": null,
                "version": 1
              }
            ]
          }
        }
      ]
    }
  }
}
