{
  "data": {
    "customers": {
      "totalCount": 1,
      "pageInfo": {
        "hasNextPage": false,
        "hasPreviousPage": false
      },
      "items": [
        {
          "createdAt": "2024-01-01T00:00:00.000Z",
          "href": "/test",
          "id": "18e483e4-6961-4b25-88a9-d1d0a5161109",
          "title": "Title",
          "updatedAt": null,
          "version": 1,
          "portfolioCategories": {
            "totalCount": 1,
            "items": [
              {
                "createdAt": "2024-01-01T00:00:00.000Z",
                "id": "38e483e4-6961-4b25-88a9-d1d0a5161109",
                "title": "Title",
                "updatedAt": null,
                "version": 1
              }
            ],
            "pageInfo": {
              "hasNextPage": false,
              "hasPreviousPage": false
            }
          },
          "portfolioItems": {
            "totalCount": 1,
            "items": [
              {
                "createdAt": "2024-01-01T00:00:00.000Z",
                "href": "/test",
                "id": "28e483e4-6961-4b25-88a9-d1d0a5161109",
                "ordinal": 1,
                "technologiesSummary": "Title",
                "title": "Title",
                "updatedAt": null,
                "version": 1,
                "year": 2024
              }
            ],
            "pageInfo": {
              "hasNextPage": false,
              "hasPreviousPage": false
            }
          },
          "technologies": {
            "totalCount": 1,
            "items": [
              {
                "createdAt": "2024-01-01T00:00:00.000Z",
                "href": "/test",
                "id": "48e483e4-6961-4b25-88a9-d1d0a5161109",
                "title": "Title",
                "updatedAt": null,
                "version": 1
              }
            ],
            "pageInfo": {
              "hasNextPage": false,
              "hasPreviousPage": false
            }
          }
        }
      ]
    }
  }
}
