{
  "AssociatedCategoryTypes": [
    "SoftwareDevelopment"
  ],
  "Title": "Title",
  "Id": "e18eff98-1d52-4b33-b232-60f8e98a3603",
  "CreatedAt": "2024-01-01T00:00:00+00:00",
  "UpdatedAt": null,
  "Version": 1
}
