<h1 class="page-header sticky-top d-flex gap-2 justify-content-start align-items-center bg-body"><span>API Status</span>

        <button type="button" class="btn btn-outline-primary rounded-5 p-0 px-1" title="Refresh" blazor:onclick="1"><i class="bi bi-arrow-clockwise"></i></button></h1>

<div class="generic-error py-2 lead"><i class="bi bi-exclamation-triangle text-warning"></i><span>
                Whoops, something went wrong...
            </span>

    </div>
