<h1 class="page-header sticky-top d-flex gap-2 justify-content-start align-items-center bg-body"><span>API Status</span>

        <button type="button" class="btn btn-outline-primary rounded-circle p-0 px-1" title="Refresh" blazor:onclick="1"><i class="bi bi-arrow-clockwise"></i></button></h1>

<div class="table-responsive"><table class="table table-striped table-borderless text-nowrap"><tbody><tr><th>Startup Time:</th>
                    <td class="w-100">01/01/2024 00:00:00 +02:00</td></tr>
                <tr><th>Up Time:</th>
                    <td>00:01:00</td></tr>
                <tr><th>Version:</th>
                    <td>1.0.0</td></tr>
                <tr><th>Overall Health:</th>
                    <td>Healthy</td></tr><tr><th>Total Duration:</th>
                    <td>00:00:30</td></tr></tbody></table></div>
