{
  "Year": 2024,
  "CategoryId": "38e483e4-6961-4b25-88a9-d1d0a5161109",
  "Title": "Title",
  "Href": "/test",
  "TechnologyIds": [
    "48e483e4-6961-4b25-88a9-d1d0a5161109"
  ],
  "CustomerId": "18e483e4-6961-4b25-88a9-d1d0a5161109",
  "Id": "28e483e4-6961-4b25-88a9-d1d0a5161109",
  "CreatedAt": "2024-01-01T00:00:00+00:00",
  "UpdatedAt": null,
  "Version": 1
}
