{
  "Status": "Healthy",
  "TotalDuration": "00:00:01",
  "Entries": {
    "Key": {
      "Description": null,
      "Duration": "00:00:01",
      "Status": "Healthy",
      "Tags": []
    }
  }
}
