[
  {
    "Year": 0,
    "CategoryId": "00000000-0000-0000-0000-000000000000",
    "Ordinal": 0,
    "Title": "Title",
    "Href": "/test",
    "TechnologyIds": [
      "00000000-0000-0000-0000-000000000000"
    ],
    "CustomerId": "00000000-0000-0000-0000-000000000000",
    "Id": "00000000-0000-0000-0000-000000000000",
    "CreatedAt": "2024-01-01T00:00:00+00:00",
    "UpdatedAt": null,
    "Version": 1
  }
]
