[
  {
    "AssociatedCategoryTypes": [],
    "Title": "Title",
    "Id": "eb9d6258-99c4-46bd-bd44-23d35b19965d",
    "CreatedAt": "2024-01-01T00:00:00+00:00",
    "UpdatedAt": null,
    "Version": 1
  }
]
