[
  [
    {
      "Title": "Title",
      "Id": "38e483e4-6961-4b25-88a9-d1d0a5161109",
      "CreatedAt": "2024-01-01T00:00:00+00:00",
      "UpdatedAt": null,
      "Version": 1
    },
    {
      "Title": "Title",
      "Id": "39e483e4-6961-4b25-88a9-d1d0a5161109",
      "CreatedAt": "2024-01-01T00:00:00+00:00",
      "UpdatedAt": null,
      "Version": 1
    }
  ]
]
