schema {
  query: Query
}

"Information about the offset pagination."
type CollectionSegmentInfo {
  "Indicates whether more items exist following the set defined by the clients arguments."
  hasNextPage: Boolean!
  "Indicates whether more items exist prior the set defined by the clients arguments."
  hasPreviousPage: Boolean!
}

type Query {
  textItems(skip: Int take: Int order: [TextItemSortInput!] where: TextItemFilterInput): TextItemsCollectionSegment
}

type TextItem {
  key: String!
  title: String!
  content: String!
  id: UUID!
  createdAt: DateTime!
  updatedAt: DateTime
  version: Long!
}

"A segment of a collection."
type TextItemsCollectionSegment {
  "Information to aid in pagination."
  pageInfo: CollectionSegmentInfo!
  "A flattened list of the items."
  items: [TextItem!]
}

input DateTimeOperationFilterInput {
  eq: DateTime
  neq: DateTime
  in: [DateTime]
  nin: [DateTime]
  gt: DateTime
  ngt: DateTime
  gte: DateTime
  ngte: DateTime
  lt: DateTime
  nlt: DateTime
  lte: DateTime
  nlte: DateTime
}

input LongOperationFilterInput {
  eq: Long
  neq: Long
  in: [Long]
  nin: [Long]
  gt: Long
  ngt: Long
  gte: Long
  ngte: Long
  lt: Long
  nlt: Long
  lte: Long
  nlte: Long
}

input StringOperationFilterInput {
  and: [StringOperationFilterInput!]
  or: [StringOperationFilterInput!]
  eq: String
  neq: String
  contains: String
  ncontains: String
  in: [String]
  nin: [String]
  startsWith: String
  nstartsWith: String
  endsWith: String
  nendsWith: String
}

input TextItemFilterInput {
  and: [TextItemFilterInput!]
  or: [TextItemFilterInput!]
  key: StringOperationFilterInput
  title: StringOperationFilterInput
  content: StringOperationFilterInput
  id: UuidOperationFilterInput
  createdAt: DateTimeOperationFilterInput
  updatedAt: DateTimeOperationFilterInput
  version: LongOperationFilterInput
}

input TextItemSortInput {
  key: SortEnumType
  title: SortEnumType
  content: SortEnumType
  id: SortEnumType
  createdAt: SortEnumType
  updatedAt: SortEnumType
  version: SortEnumType
}

input UuidOperationFilterInput {
  eq: UUID
  neq: UUID
  in: [UUID]
  nin: [UUID]
  gt: UUID
  ngt: UUID
  gte: UUID
  ngte: UUID
  lt: UUID
  nlt: UUID
  lte: UUID
  nlte: UUID
}

enum SortEnumType {
  ASC
  DESC
}

"The `DateTime` scalar represents an ISO-8601 compliant date time type."
scalar DateTime @specifiedBy(url: "https:\/\/www.graphql-scalars.com\/date-time")

"The `Long` scalar type represents non-fractional signed whole 64-bit numeric values. Long can represent values between -(2^63) and 2^63 - 1."
scalar Long

scalar UUID @specifiedBy(url: "https:\/\/tools.ietf.org\/html\/rfc4122")
