{
  "data": {
    "portfolioItems": {
      "items": [
        {
          "createdAt": "2024-01-01T00:00:00.000Z",
          "href": "/test",
          "id": "28e483e4-6961-4b25-88a9-d1d0a5161109",
          "ordinal": 1,
          "title": "Title",
          "updatedAt": null,
          "version": 1,
          "year": 2024,
          "category": {
            "createdAt": "2024-01-01T00:00:00.000Z",
            "href": "/test",
            "id": "38e483e4-6961-4b25-88a9-d1d0a5161109",
            "title": "Title",
            "updatedAt": null,
            "version": 1
          }
        }
      ],
      "pageInfo": {
        "hasNextPage": false,
        "hasPreviousPage": false
      }
    }
  }
}
