{
  "data": {
    "portfolioCategoryById": {
      "createdAt": "2024-01-01T00:00:00.000Z",
      "id": "UG9ydGZvbGlvQ2F0ZWdvcnk65IPkOGFpJUuIqdHQpRYRCQ==",
      "internalId": "38e483e4-6961-4b25-88a9-d1d0a5161109",
      "title": "Title",
      "updatedAt": null,
      "version": 1
    }
  }
}
