{
  "data": {
    "portfolioCategories": {
      "totalCount": 1,
      "items": [
        {
          "createdAt": "2024-01-01T00:00:00.000Z",
          "id": "38e483e4-6961-4b25-88a9-d1d0a5161109",
          "title": "Title",
          "updatedAt": null,
          "version": 1,
          "customers": {
            "totalCount": 1
          },
          "portfolioItems": {
            "totalCount": 1
          },
          "technologyCategories": {
            "totalCount": 1
          }
        }
      ]
    }
  }
}
