{
  "data": {
    "softwareDevelopmentCategoryById": {
      "createdAt": "2024-01-01T00:00:00.000Z",
      "href": "/test",
      "id": "U29mdHdhcmVEZXZlbG9wbWVudENhdGVnb3J5Ovkrg8rLtzFMv40A+Honb+M=",
      "internalId": "ca832bf9-b7cb-4c31-bf8d-00f87a276fe3",
      "title": "Title",
      "updatedAt": null,
      "version": 1
    }
  }
}
