{
  "data": {
    "textItemById": {
      "content": "Content",
      "createdAt": "2024-01-01T00:00:00.000Z",
      "id": "VGV4dEl0ZW065IPkSGFpJUuIqdHQpRYRCQ==",
      "internalId": "48e483e4-6961-4b25-88a9-d1d0a5161109",
      "key": "Key",
      "title": "Title",
      "updatedAt": null,
      "version": 1
    }
  }
}
