{
  "data": {
    "unknownCategoryById": {
      "createdAt": "2024-01-01T00:00:00.000Z",
      "id": "VW5rbm93bkNhdGVnb3J5Op2H9ckYQKBJm3G0ed1d5/8=",
      "internalId": "c9f5879d-4018-49a0-9b71-b479dd5de7ff",
      "title": "Title",
      "updatedAt": null,
      "version": 1
    }
  }
}
